// Jest Snapshot v1, https://goo.gl/fbAQLP

exports[`create-template should create a template 1`] = `
{
  "content": [
    {
      "text": """",
      "type": "text",
    },
  ],
}
`;

exports[`create-template should create a template 2`] = `
[
  {
    "alias": "_testTemplateCreated",
    "id": "NORMALIZED_ID",
    "name": "_Test Template Created",
  },
]
`;

exports[`create-template should handle existing template 1`] = `
{
  "content": [
    {
      "text": "Error using create-template:
{
  "message": "Request failed with status code 400",
  "response": {
    "type": "Error",
    "title": "Duplicate alias",
    "status": 400,
    "detail": "A template with that alias already exists.",
    "operationStatus": "DuplicateAlias"
  }
}",
      "type": "text",
    },
  ],
}
`;
