// Jest Snapshot v1, https://goo.gl/fbAQLP

exports[`delete-user-groups should delete multiple user groups 1`] = `
{
  "content": [
    {
      "text": """",
      "type": "text",
    },
  ],
}
`;

exports[`delete-user-groups should handle empty array of user groups 1`] = `
{
  "content": [
    {
      "text": """",
      "type": "text",
    },
  ],
}
`;
