// Jest Snapshot v1, https://goo.gl/fbAQLP

exports[`delete-from-recycle-bin should delete a document from the recycle bin by id 1`] = `
{
  "content": [
    {
      "text": """",
      "type": "text",
    },
  ],
}
`;

exports[`delete-from-recycle-bin should handle deleting a non-existent document from the recycle bin 1`] = `
{
  "content": [
    {
      "text": "Error using delete-from-recycle-bin:
{
  "message": "Request failed with status code 404",
  "response": {
    "type": "Error",
    "title": "The content could not be found",
    "status": 404,
    "operationStatus": "NotFound"
  }
}",
      "type": "text",
    },
  ],
}
`;
