// Jest Snapshot v1, https://goo.gl/fbAQLP

exports[`delete-document-public-access should delete public access for a valid document 1`] = `
{
  "content": [
    {
      "text": "Error: AxiosError: Request failed with status code 404",
      "type": "text",
    },
  ],
}
`;

exports[`delete-document-public-access should delete public access for a valid document 2`] = `
{
  "content": [
    {
      "text": "Error: AxiosError: Request failed with status code 404",
      "type": "text",
    },
  ],
}
`;

exports[`delete-document-public-access should handle non-existent document 1`] = `
{
  "content": [
    {
      "text": "Error: AxiosError: Request failed with status code 404",
      "type": "text",
    },
  ],
}
`;
