// Jest Snapshot v1, https://goo.gl/fbAQLP

exports[`empty-recycle-bin should empty the recycle bin 1`] = `
{
  "content": [
    {
      "text": """",
      "type": "text",
    },
  ],
}
`;

exports[`empty-recycle-bin should handle emptying an already empty recycle bin 1`] = `
{
  "content": [
    {
      "text": """",
      "type": "text",
    },
  ],
}
`;
