// Jest Snapshot v1, https://goo.gl/fbAQLP

exports[`get-document-notifications should add and then get notifications for a valid document 1`] = `
{
  "content": [
    {
      "text": "[{"actionId":"Umb.Document.Duplicate","alias":"copy","subscribed":false},{"actionId":"Umb.Document.Delete","alias":"delete","subscribed":false},{"actionId":"Umb.Document.Move","alias":"move","subscribed":false},{"actionId":"Umb.Document.Create","alias":"create","subscribed":false},{"actionId":"Umb.Document.PublicAccess","alias":"protect","subscribed":false},{"actionId":"Umb.Document.Publish","alias":"publish","subscribed":false},{"actionId":"Umb.DocumentRecycleBin.Restore","alias":"restore","subscribed":false},{"actionId":"Umb.Document.Permissions","alias":"rights","subscribed":false},{"actionId":"Umb.Document.Rollback","alias":"rollback","subscribed":false},{"actionId":"Umb.Document.Sort","alias":"sort","subscribed":false},{"actionId":"Umb.Document.Update","alias":"update","subscribed":false}]",
      "type": "text",
    },
  ],
}
`;

exports[`get-document-notifications should handle non-existent document 1`] = `
{
  "content": [
    {
      "text": "Error using get-document-notifications:
{
  "message": "Request failed with status code 404",
  "response": {
    "type": "Error",
    "title": "The document could not be found",
    "status": 404,
    "operationStatus": "NotFound"
  }
}",
      "type": "text",
    },
  ],
}
`;
