// Jest Snapshot v1, https://goo.gl/fbAQLP

exports[`get-document-version should handle non-existent document 1`] = `
{
  "content": [
    {
      "text": "Error using get-document-version:
{
  "message": "Request failed with status code 400",
  "response": {
    "type": "https://tools.ietf.org/html/rfc9110#section-15.5.1",
    "title": "One or more validation errors occurred.",
    "status": 400,
    "errors": [
      {
        "$.documentId": [
          "The value 'non-existent-id' is not valid."
        ]
      }
    ],
    "traceId": "normalized-trace-id"
  }
}",
      "type": "text",
    },
  ],
}
`;

exports[`get-document-version should handle pagination with skip and take 1`] = `
{
  "content": [
    {
      "text": "{"total":2,"items":[{"id":"00000000-0000-0000-0000-000000000000","document":{"id":"00000000-0000-0000-0000-000000000000"},"documentType":{"id":"00000000-0000-0000-0000-000000000000"},"user":{"id":"00000000-0000-0000-0000-000000000000"},"versionDate":"NORMALIZED_DATE","isCurrentPublishedVersion":true,"isCurrentDraftVersion":false,"preventCleanup":false}]}",
      "type": "text",
    },
  ],
}
`;

exports[`get-document-version should list document versions with pagination 1`] = `
{
  "content": [
    {
      "text": "{"total":2,"items":[{"id":"00000000-0000-0000-0000-000000000000","document":{"id":"00000000-0000-0000-0000-000000000000"},"documentType":{"id":"00000000-0000-0000-0000-000000000000"},"user":{"id":"00000000-0000-0000-0000-000000000000"},"versionDate":"NORMALIZED_DATE","isCurrentPublishedVersion":false,"isCurrentDraftVersion":true,"preventCleanup":false},{"id":"00000000-0000-0000-0000-000000000000","document":{"id":"00000000-0000-0000-0000-000000000000"},"documentType":{"id":"00000000-0000-0000-0000-000000000000"},"user":{"id":"00000000-0000-0000-0000-000000000000"},"versionDate":"NORMALIZED_DATE","isCurrentPublishedVersion":true,"isCurrentDraftVersion":false,"preventCleanup":false}]}",
      "type": "text",
    },
  ],
}
`;
