// Jest Snapshot v1, https://goo.gl/fbAQLP

exports[`validate-document-type should handle invalid document type model 1`] = `
{
  "content": [
    {
      "text": "Error using validate-document-type:
{
  "message": "Request failed with status code 400",
  "response": {
    "type": "https://tools.ietf.org/html/rfc9110#section-15.5.1",
    "title": "One or more validation errors occurred.",
    "status": 400,
    "errors": {
      "Icon": [
        "The Icon field is required."
      ],
      "Name": [
        "The Name field is required."
      ],
      "Alias": [
        "The Alias field is required."
      ]
    },
    "traceId": "normalized-trace-id"
  }
}",
      "type": "text",
    },
  ],
}
`;

exports[`validate-document-type should validate a valid document type 1`] = `
{
  "content": [
    {
      "text": """",
      "type": "text",
    },
  ],
}
`;
