// Jest Snapshot v1, https://goo.gl/fbAQLP

exports[`member-type-tree root should get root items 1`] = `
{
  "content": [
    {
      "text": "{"total":2,"items":[{"icon":"icon-user","name":"_Test Root MemberType","id":"00000000-0000-0000-0000-000000000000","parent":null,"hasChildren":false},{"icon":"icon-user","name":"Member","id":"00000000-0000-0000-0000-000000000000","parent":null,"hasChildren":false}]}",
      "type": "text",
    },
  ],
}
`;
