// Jest Snapshot v1, https://goo.gl/fbAQLP

exports[`post-log-viewer-saved-search should create a saved search 1`] = `
{
  "content": [
    {
      "text": """",
      "type": "text",
    },
  ],
}
`;

exports[`post-log-viewer-saved-search should create a saved search with complex query 1`] = `
{
  "content": [
    {
      "text": """",
      "type": "text",
    },
  ],
}
`;

exports[`post-log-viewer-saved-search should handle existing saved search 1`] = `
{
  "content": [
    {
      "text": "Error using post-log-viewer-saved-search:
{
  "message": "Request failed with status code 400",
  "response": {
    "type": "Error",
    "title": "Duplicate log search name",
    "status": 400,
    "detail": "Another log search already exists with the attempted name.",
    "operationStatus": "DuplicateLogSearch"
  }
}",
      "type": "text",
    },
  ],
}
`;
