// Jest Snapshot v1, https://goo.gl/fbAQLP

exports[`get-log-viewer-saved-search-by-name should get a saved search by name 1`] = `
{
  "content": [
    {
      "text": "{"name":"_Test Saved Search","query":"level:Error"}",
      "type": "text",
    },
  ],
}
`;

exports[`get-log-viewer-saved-search-by-name should handle non-existent saved search 1`] = `
{
  "content": [
    {
      "text": "Error using get-log-viewer-saved-search-by-name:
{
  "message": "Request failed with status code 404",
  "response": {
    "type": "Error",
    "title": "The saved search could not be found",
    "status": 404
  }
}",
      "type": "text",
    },
  ],
}
`;
