// Jest Snapshot v1, https://goo.gl/fbAQLP

exports[`get-document-type-available-compositions should get available compositions for a document type 1`] = `
{
  "folderPath": [],
  "icon": "icon-document",
  "id": "00000000-0000-0000-0000-000000000000",
  "isCompatible": true,
  "name": "_Test Available Composition",
}
`;
