// Jest Snapshot v1, https://goo.gl/fbAQLP

exports[`get-language-by-iso-code should get a language by isoCode 1`] = `
{
  "fallbackIsoCode": null,
  "isDefault": false,
  "isMandatory": false,
  "isoCode": "en-Gb",
  "name": "_Test Language",
}
`;

exports[`get-language-by-iso-code should handle non-existent language 1`] = `
{
  "content": [
    {
      "text": "Error: AxiosError: Request failed with status code 404",
      "type": "text",
    },
  ],
}
`;
