// Jest Snapshot v1, https://goo.gl/fbAQLP

exports[`validate-media should handle invalid media model 1`] = `
{
  "content": [
    {
      "text": "Error using validate-media:
{
  "message": "Request failed with status code 400",
  "response": {
    "type": "https://tools.ietf.org/html/rfc9110#section-15.5.1",
    "title": "One or more validation errors occurred.",
    "status": 400,
    "errors": {
      "$": [
        "JSON deserialization for type 'Umbraco.Cms.Api.Management.ViewModels.Media.CreateMediaRequestModel' was missing required properties including: 'mediaType'."
      ],
      "requestModel": [
        "The requestModel field is required."
      ]
    },
    "traceId": "normalized-trace-id"
  }
}",
      "type": "text",
    },
  ],
}
`;

exports[`validate-media should validate a valid media 1`] = `
{
  "content": [
    {
      "text": """",
      "type": "text",
    },
  ],
}
`;
