// Jest Snapshot v1, https://goo.gl/fbAQLP

exports[`create-media-type should create a media type 1`] = `
{
  "content": [
    {
      "text": """",
      "type": "text",
    },
  ],
}
`;

exports[`create-media-type should handle invalid media type data 1`] = `
{
  "content": [
    {
      "text": "Error using create-media-type:
{
  "message": "Request failed with status code 400",
  "response": {
    "type": "https://tools.ietf.org/html/rfc9110#section-15.5.1",
    "title": "One or more validation errors occurred.",
    "status": 400,
    "errors": [
      {
        "$.icon": [
          "The Icon field is required."
        ]
      },
      {
        "$.alias": [
          "The Alias field is required."
        ]
      }
    ],
    "traceId": "normalized-trace-id"
  }
}",
      "type": "text",
    },
  ],
}
`;
