// Jest Snapshot v1, https://goo.gl/fbAQLP

exports[`restore-media-from-recycle-bin should handle non-existent media 1`] = `
{
  "content": [
    {
      "text": "Error using restore-media-from-recycle-bin:
{
  "message": "Request failed with status code 404",
  "response": {
    "type": "Error",
    "title": "The content could not be found",
    "status": 404,
    "operationStatus": "NotFound"
  }
}",
      "type": "text",
    },
  ],
}
`;

exports[`restore-media-from-recycle-bin should restore a media item from recycle bin 1`] = `
{
  "content": [
    {
      "text": """",
      "type": "text",
    },
  ],
}
`;
