// Jest Snapshot v1, https://goo.gl/fbAQLP

exports[`get-language-by-iso-code should get a language by isoCode 1`] = `
{
  "fallbackIsoCode": null,
  "isDefault": false,
  "isMandatory": false,
  "isoCode": "en-Gb",
  "name": "_Test Language",
}
`;

exports[`get-language-by-iso-code should handle non-existent language 1`] = `
{
  "content": [
    {
      "text": "Error using get-language-by-iso-code:
{
  "message": "Request failed with status code 404",
  "response": {
    "type": "Error",
    "title": "The language could not be found",
    "status": 404,
    "operationStatus": "NotFound"
  }
}",
      "type": "text",
    },
  ],
}
`;
