// Jest Snapshot v1, https://goo.gl/fbAQLP

exports[`get-document-configuration should get the document configuration 1`] = `
{
  "content": [
    {
      "text": "{"disableDeleteWhenReferenced":false,"disableUnpublishWhenReferenced":false,"allowEditInvariantFromNonDefault":true,"allowNonExistingSegmentsCreation":true}",
      "type": "text",
    },
  ],
}
`;
