// Jest Snapshot v1, https://goo.gl/fbAQLP

exports[`script-tree get-script-tree-ancestors should get ancestors of child script 1`] = `
{
  "content": [
    {
      "text": "[{"name":"","path":"/","parent":null,"isFolder":true,"hasChildren":true,"id":"00000000-0000-0000-0000-000000000000"},{"name":"_RootFolder","path":"/_RootFolder","parent":{"path":"/","id":"00000000-0000-0000-0000-000000000000"},"isFolder":true,"hasChildren":true,"id":"00000000-0000-0000-0000-000000000000"},{"name":"_ChildScript.js","path":"/_RootFolder/_ChildScript.js","parent":{"path":"/_RootFolder","id":"00000000-0000-0000-0000-000000000000"},"isFolder":false,"hasChildren":false,"id":"00000000-0000-0000-0000-000000000000"}]",
      "type": "text",
    },
  ],
}
`;

exports[`script-tree get-script-tree-ancestors should get ancestors of grandchild script 1`] = `
{
  "content": [
    {
      "text": "[{"name":"","path":"/","parent":null,"isFolder":true,"hasChildren":true,"id":"00000000-0000-0000-0000-000000000000"},{"name":"_RootFolder","path":"/_RootFolder","parent":{"path":"/","id":"00000000-0000-0000-0000-000000000000"},"isFolder":true,"hasChildren":true,"id":"00000000-0000-0000-0000-000000000000"},{"name":"_ChildFolder","path":"/_RootFolder/_ChildFolder","parent":{"path":"/_RootFolder","id":"00000000-0000-0000-0000-000000000000"},"isFolder":true,"hasChildren":true,"id":"00000000-0000-0000-0000-000000000000"},{"name":"_GrandchildScript.js","path":"/_RootFolder/_ChildFolder/_GrandchildScript.js","parent":{"path":"/_RootFolder/_ChildFolder","id":"00000000-0000-0000-0000-000000000000"},"isFolder":false,"hasChildren":false,"id":"00000000-0000-0000-0000-000000000000"}]",
      "type": "text",
    },
  ],
}
`;

exports[`script-tree get-script-tree-ancestors should get empty ancestors for root script 1`] = `
{
  "content": [
    {
      "text": "[{"name":"","path":"/","parent":null,"isFolder":true,"hasChildren":true,"id":"00000000-0000-0000-0000-000000000000"},{"name":"_RootScript.js","path":"/_RootScript.js","parent":{"path":"/","id":"00000000-0000-0000-0000-000000000000"},"isFolder":false,"hasChildren":false,"id":"00000000-0000-0000-0000-000000000000"}]",
      "type": "text",
    },
  ],
}
`;

exports[`script-tree get-script-tree-children should get children of child folder 1`] = `
{
  "content": [
    {
      "text": "{"total":1,"items":[{"name":"_GrandchildScript.js","path":"/_RootFolder/_ChildFolder/_GrandchildScript.js","parent":{"path":"/_RootFolder/_ChildFolder","id":"00000000-0000-0000-0000-000000000000"},"isFolder":false,"hasChildren":false,"id":"00000000-0000-0000-0000-000000000000"}]}",
      "type": "text",
    },
  ],
}
`;

exports[`script-tree get-script-tree-children should get children of root folder 1`] = `
{
  "content": [
    {
      "text": "{"total":2,"items":[{"name":"_ChildFolder","path":"/_RootFolder/_ChildFolder","parent":{"path":"/_RootFolder","id":"00000000-0000-0000-0000-000000000000"},"isFolder":true,"hasChildren":true,"id":"00000000-0000-0000-0000-000000000000"},{"name":"_ChildScript.js","path":"/_RootFolder/_ChildScript.js","parent":{"path":"/_RootFolder","id":"00000000-0000-0000-0000-000000000000"},"isFolder":false,"hasChildren":false,"id":"00000000-0000-0000-0000-000000000000"}]}",
      "type": "text",
    },
  ],
}
`;

exports[`script-tree get-script-tree-children should get empty children for non-folder script 1`] = `
{
  "content": [
    {
      "text": "{"total":0,"items":[]}",
      "type": "text",
    },
  ],
}
`;

exports[`script-tree get-script-tree-root should get root level script items 1`] = `
{
  "content": [
    {
      "text": "{"total":3,"items":[{"name":"_RootFolder","path":"/_RootFolder","parent":null,"isFolder":true,"hasChildren":true,"id":"00000000-0000-0000-0000-000000000000"},{"name":"Parent Folder","path":"/Parent Folder","parent":null,"isFolder":true,"hasChildren":false,"id":"00000000-0000-0000-0000-000000000000"},{"name":"_RootScript.js","path":"/_RootScript.js","parent":null,"isFolder":false,"hasChildren":false,"id":"00000000-0000-0000-0000-000000000000"}]}",
      "type": "text",
    },
  ],
}
`;
