// Jest Snapshot v1, https://goo.gl/fbAQLP

exports[`update-script should handle non-existent script 1`] = `
{
  "content": [
    {
      "text": "Error using update-script:
{
  "message": "Request failed with status code 404",
  "response": {
    "type": "Error",
    "title": "The script could not be found",
    "status": 404,
    "detail": "The script was not found.",
    "operationStatus": "NotFound"
  }
}",
      "type": "text",
    },
  ],
}
`;

exports[`update-script should update a script 1`] = `
{
  "content": [
    {
      "text": """",
      "type": "text",
    },
  ],
}
`;
