// Jest Snapshot v1, https://goo.gl/fbAQLP

exports[`create-stylesheet should create a stylesheet 1`] = `
{
  "content": [
    {
      "text": """",
      "type": "text",
    },
  ],
}
`;

exports[`create-stylesheet should create stylesheet with parent folder 1`] = `
{
  "content": [
    {
      "text": """",
      "type": "text",
    },
  ],
}
`;

exports[`create-stylesheet should handle existing stylesheet name 1`] = `
{
  "content": [
    {
      "text": "Error using create-stylesheet:
{
  "message": "Request failed with status code 400",
  "response": {
    "type": "Error",
    "title": "Stylesheet already exists",
    "status": 400,
    "detail": "A stylesheet with the same path already exists",
    "operationStatus": "AlreadyExists"
  }
}",
      "type": "text",
    },
  ],
}
`;
