// Jest Snapshot v1, https://goo.gl/fbAQLP

exports[`delete-stylesheet should delete a stylesheet 1`] = `
{
  "content": [
    {
      "text": """",
      "type": "text",
    },
  ],
}
`;

exports[`delete-stylesheet should handle non-existent stylesheet 1`] = `
{
  "content": [
    {
      "text": "Error using delete-stylesheet:
{
  "message": "Request failed with status code 404",
  "response": {
    "type": "Error",
    "title": "Stylesheet not found",
    "status": 404,
    "detail": "The stylesheet was not found.",
    "operationStatus": "NotFound"
  }
}",
      "type": "text",
    },
  ],
}
`;
