// Jest Snapshot v1, https://goo.gl/fbAQLP

exports[`get-stylesheet-by-path should get a stylesheet by path 1`] = `
{
  "content": [
    {
      "text": "{"content":"/* Test get stylesheet */\\nbody { background: white; }\\n.container { padding: 20px; }","name":"_TestGetStylesheet.css","parent":null,"path":"/_TestGetStylesheet.css"}",
      "type": "text",
    },
  ],
}
`;

exports[`get-stylesheet-by-path should handle non-existent stylesheet 1`] = `
{
  "content": [
    {
      "text": "Error using get-stylesheet-by-path:
{
  "message": "Request failed with status code 404",
  "response": {
    "type": "Error",
    "title": "Stylesheet not found",
    "status": 404,
    "detail": "The stylesheet was not found.",
    "operationStatus": "NotFound"
  }
}",
      "type": "text",
    },
  ],
}
`;
