// Jest Snapshot v1, https://goo.gl/fbAQLP

exports[`get-property-type-is-used should check if a property type is used with both parameters 1`] = `
{
  "content": [
    {
      "text": "true",
      "type": "text",
    },
  ],
}
`;

exports[`get-property-type-is-used should handle empty parameters 1`] = `
{
  "content": [
    {
      "text": "Error using get-property-type-is-used:
{
  "message": "Request failed with status code 400",
  "response": {
    "type": "https://tools.ietf.org/html/rfc9110#section-15.5.1",
    "title": "One or more validation errors occurred.",
    "status": 400,
    "errors": {
      "propertyAlias": [
        "The propertyAlias field is required."
      ]
    },
    "traceId": "normalized-trace-id"
  }
}",
      "type": "text",
    },
  ],
}
`;
