// Jest Snapshot v1, https://goo.gl/fbAQLP

exports[`create-document-blueprint should create a document blueprint 1`] = `
{
  "content": [
    {
      "text": """",
      "type": "text",
    },
  ],
}
`;

exports[`create-document-blueprint should create a document blueprint 2`] = `
{
  "documentType": {
    "collection": null,
    "icon": "icon-home color-blue",
    "id": "a95360e8-ff04-40b1-8f46-7aa4b5983096",
  },
  "hasChildren": false,
  "id": "00000000-0000-0000-0000-000000000000",
  "isFolder": false,
  "name": "_Test Blueprint Created",
  "parent": null,
}
`;

exports[`create-document-blueprint should handle existing document blueprint 1`] = `
{
  "content": [
    {
      "text": "Error using create-document-blueprint:
{
  "message": "Request failed with status code 400",
  "response": {
    "type": "Error",
    "title": "Duplicate name",
    "status": 400,
    "detail": "The supplied name is already in use for the same content type.",
    "operationStatus": "DuplicateName"
  }
}",
      "type": "text",
    },
  ],
}
`;
