// Jest Snapshot v1, https://goo.gl/fbAQLP

exports[`update-data-type should handle non-existent data type 1`] = `
{
  "content": [
    {
      "text": "Error using update-data-type:
{
  "message": "Request failed with status code 404",
  "response": {
    "type": "Error",
    "title": "The data type could not be found",
    "status": 404,
    "operationStatus": "NotFound"
  }
}",
      "type": "text",
    },
  ],
}
`;

exports[`update-data-type should update a data type 1`] = `
{
  "content": [
    {
      "text": """",
      "type": "text",
    },
  ],
}
`;
