// Jest Snapshot v1, https://goo.gl/fbAQLP

exports[`get-member-configuration should get member configuration 1`] = `
{
  "reservedFieldNames": [
    "ContentType",
    "Key",
    "Properties",
    "Id",
    "Name",
    "UrlSegment",
    "SortOrder",
    "Level",
    "Path",
    "TemplateId",
    "CreatorId",
    "CreateDate",
    "WriterId",
    "UpdateDate",
    "Cultures",
    "ItemType",
    "Parent",
    "Children",
    "Email",
    "UserName",
    "Comments",
    "IsApproved",
    "IsLockedOut",
    "LastLockoutDate",
    "CreationDate",
    "LastLoginDate",
    "LastPasswordChangedDate",
    "get_ContentType",
    "get_Key",
    "get_Properties",
    "GetProperty",
    "get_Id",
    "get_Name",
    "get_UrlSegment",
    "get_SortOrder",
    "get_Level",
    "get_Path",
    "get_TemplateId",
    "get_CreatorId",
    "get_CreateDate",
    "get_WriterId",
    "get_UpdateDate",
    "get_Cultures",
    "get_ItemType",
    "get_Parent",
    "IsDraft",
    "IsPublished",
    "get_Children",
    "get_Email",
    "get_UserName",
    "get_Comments",
    "get_IsApproved",
    "get_IsLockedOut",
    "get_LastLockoutDate",
    "get_CreationDate",
    "get_LastLoginDate",
    "get_LastPasswordChangedDate",
  ],
}
`;
