// Jest Snapshot v1, https://goo.gl/fbAQLP

exports[`get-document-type should get a document type by id 1`] = `
{
  "content": [
    {
      "text": "{"allowedTemplates":[],"defaultTemplate":null,"cleanup":{"preventCleanup":false,"keepAllVersionsNewerThanDays":null,"keepLatestVersionPerDayForDays":null},"allowedDocumentTypes":[],"compositions":[],"id":"00000000-0000-0000-0000-000000000000","alias":"testdocumenttypeget","name":"_Test DocumentType Get","description":null,"icon":"icon-document","allowedAsRoot":false,"variesByCulture":false,"variesBySegment":false,"collection":null,"isElement":false,"properties":[],"containers":[]}",
      "type": "text",
    },
  ],
}
`;

exports[`get-document-type should handle non-existent document type 1`] = `
{
  "content": [
    {
      "text": "Error: AxiosError: Request failed with status code 404",
      "type": "text",
    },
  ],
}
`;
