// Jest Snapshot v1, https://goo.gl/fbAQLP

exports[`get-document-type-composition-references should get composition references for a document type 1`] = `
{
  "content": [
    {
      "text": "[]",
      "type": "text",
    },
  ],
}
`;

exports[`get-document-type-composition-references should handle document type with no composition references 1`] = `
{
  "content": [
    {
      "text": "[]",
      "type": "text",
    },
  ],
}
`;
