// Jest Snapshot v1, https://goo.gl/fbAQLP

exports[`validate-document-type-post should handle invalid document type model (POST) 1`] = `
{
  "content": [
    {
      "text": "Error: AxiosError: Request failed with status code 400",
      "type": "text",
    },
  ],
}
`;

exports[`validate-document-type-post should validate a valid document type (POST) 1`] = `
{
  "content": [
    {
      "text": "Error: AxiosError: Request failed with status code 400",
      "type": "text",
    },
  ],
}
`;
